[debug] [2026-06-15T12:43:32.266Z] ----------------------------------------------------------------------
[debug] [2026-06-15T12:43:32.282Z] Command:       C:\Program Files\nodejs\node.exe C:\Users\user\AppData\Roaming\npm\node_modules\firebase-tools\lib\bin\firebase.js deploy --only functions:send
[debug] [2026-06-15T12:43:32.283Z] CLI Version:   15.20.0
[debug] [2026-06-15T12:43:32.283Z] Platform:      win32
[debug] [2026-06-15T12:43:32.283Z] Node Version:  v24.15.0
[debug] [2026-06-15T12:43:32.284Z] Time:          Mon Jun 15 2026 21:43:32 GMT+0900 (日本標準時)
[debug] [2026-06-15T12:43:32.284Z] ----------------------------------------------------------------------
[debug] 
[debug] [2026-06-15T12:43:32.288Z] >>> [apiv2][query] GET https://firebase-public.firebaseio.com/cli.json [none]
[debug] [2026-06-15T12:43:35.622Z] > command requires scopes: ["email","openid","https://www.googleapis.com/auth/cloudplatformprojects.readonly","https://www.googleapis.com/auth/firebase","https://www.googleapis.com/auth/cloud-platform"]
[debug] [2026-06-15T12:43:35.623Z] > authorizing via signed-in user (nagisa.ito121001m@gmail.com)
[debug] [2026-06-15T12:43:35.623Z] [iam] checking project lunags-management-system for permissions ["cloudfunctions.functions.create","cloudfunctions.functions.delete","cloudfunctions.functions.get","cloudfunctions.functions.list","cloudfunctions.functions.update","cloudfunctions.operations.get","firebase.projects.get"]
[debug] [2026-06-15T12:43:35.624Z] Checked if tokens are valid: false, expires at: 1781527701433
[debug] [2026-06-15T12:43:35.624Z] Checked if tokens are valid: false, expires at: 1781527701433
[debug] [2026-06-15T12:43:35.624Z] > refreshing access token with scopes: []
[debug] [2026-06-15T12:43:35.627Z] >>> [apiv2][query] POST https://www.googleapis.com/oauth2/v3/token [none]
[debug] [2026-06-15T12:43:35.627Z] >>> [apiv2][body] POST https://www.googleapis.com/oauth2/v3/token [omitted]
[debug] [2026-06-15T12:43:35.796Z] <<< [apiv2][status] POST https://www.googleapis.com/oauth2/v3/token 200
[debug] [2026-06-15T12:43:35.796Z] <<< [apiv2][body] POST https://www.googleapis.com/oauth2/v3/token [omitted]
[debug] [2026-06-15T12:43:35.815Z] >>> [apiv2][query] POST https://cloudresourcemanager.googleapis.com/v1/projects/lunags-management-system:testIamPermissions [none]
[debug] [2026-06-15T12:43:35.815Z] >>> [apiv2][(partial)header] POST https://cloudresourcemanager.googleapis.com/v1/projects/lunags-management-system:testIamPermissions  x-goog-user-project=lunags-management-system
[debug] [2026-06-15T12:43:35.815Z] >>> [apiv2][body] POST https://cloudresourcemanager.googleapis.com/v1/projects/lunags-management-system:testIamPermissions {"permissions":["cloudfunctions.functions.create","cloudfunctions.functions.delete","cloudfunctions.functions.get","cloudfunctions.functions.list","cloudfunctions.functions.update","cloudfunctions.operations.get","firebase.projects.get"]}
[debug] [2026-06-15T12:43:35.983Z] <<< [apiv2][status] GET https://firebase-public.firebaseio.com/cli.json 200
[debug] [2026-06-15T12:43:35.984Z] <<< [apiv2][body] GET https://firebase-public.firebaseio.com/cli.json {"cloudBuildErrorAfter":1594252800000,"cloudBuildWarnAfter":1590019200000,"defaultNode10After":1594252800000,"minVersion":"3.0.5","node8DeploysDisabledAfter":1613390400000,"node8RuntimeDisabledAfter":1615809600000,"node8WarnAfter":1600128000000}
[debug] [2026-06-15T12:43:36.012Z] <<< [apiv2][status] POST https://cloudresourcemanager.googleapis.com/v1/projects/lunags-management-system:testIamPermissions 200
[debug] [2026-06-15T12:43:36.013Z] <<< [apiv2][body] POST https://cloudresourcemanager.googleapis.com/v1/projects/lunags-management-system:testIamPermissions {"permissions":["cloudfunctions.functions.create","cloudfunctions.functions.delete","cloudfunctions.functions.get","cloudfunctions.functions.list","cloudfunctions.functions.update","cloudfunctions.operations.get","firebase.projects.get"]}
[debug] [2026-06-15T12:43:36.013Z] Checked if tokens are valid: true, expires at: 1781531014797
[debug] [2026-06-15T12:43:36.013Z] Checked if tokens are valid: true, expires at: 1781531014797
[debug] [2026-06-15T12:43:36.013Z] >>> [apiv2][query] POST https://iam.googleapis.com/v1/projects/lunags-management-system/serviceAccounts/lunags-management-system@appspot.gserviceaccount.com:testIamPermissions [none]
[debug] [2026-06-15T12:43:36.013Z] >>> [apiv2][body] POST https://iam.googleapis.com/v1/projects/lunags-management-system/serviceAccounts/lunags-management-system@appspot.gserviceaccount.com:testIamPermissions {"permissions":["iam.serviceAccounts.actAs"]}
[debug] [2026-06-15T12:43:36.988Z] <<< [apiv2][status] POST https://iam.googleapis.com/v1/projects/lunags-management-system/serviceAccounts/lunags-management-system@appspot.gserviceaccount.com:testIamPermissions 200
[debug] [2026-06-15T12:43:36.989Z] <<< [apiv2][body] POST https://iam.googleapis.com/v1/projects/lunags-management-system/serviceAccounts/lunags-management-system@appspot.gserviceaccount.com:testIamPermissions {"permissions":["iam.serviceAccounts.actAs"]}
[info] 
[info] === Deploying to 'lunags-management-system'...
[info] 
[info] i  deploying functions 
[debug] [2026-06-15T12:43:37.000Z] Checked if tokens are valid: true, expires at: 1781531014797
[debug] [2026-06-15T12:43:37.000Z] Checked if tokens are valid: true, expires at: 1781531014797
[debug] [2026-06-15T12:43:37.000Z] >>> [apiv2][query] GET https://cloudresourcemanager.googleapis.com/v1/projects/lunags-management-system [none]
[debug] [2026-06-15T12:43:37.263Z] <<< [apiv2][status] GET https://cloudresourcemanager.googleapis.com/v1/projects/lunags-management-system 200
[debug] [2026-06-15T12:43:37.263Z] <<< [apiv2][body] GET https://cloudresourcemanager.googleapis.com/v1/projects/lunags-management-system {"projectNumber":"1039501095200","projectId":"lunags-management-system","lifecycleState":"ACTIVE","name":"LUNAGS Management System","labels":{"firebase":"enabled","firebase-core":"disabled"},"createTime":"2026-05-25T22:27:31.888Z"}
[info] i  functions: preparing codebase default for deployment 
[info] i  functions: ensuring required API cloudfunctions.googleapis.com is enabled... 
[info] i  functions: ensuring required API cloudbuild.googleapis.com is enabled... 
[info] i  artifactregistry: ensuring required API artifactregistry.googleapis.com is enabled... 
[debug] [2026-06-15T12:43:37.306Z] Checked if tokens are valid: true, expires at: 1781531014797
[debug] [2026-06-15T12:43:37.306Z] Checked if tokens are valid: true, expires at: 1781531014797
[debug] [2026-06-15T12:43:37.306Z] >>> [apiv2][query] GET https://firebase.googleapis.com/v1beta1/projects/lunags-management-system/adminSdkConfig [none]
[debug] [2026-06-15T12:43:37.762Z] <<< [apiv2][status] GET https://firebase.googleapis.com/v1beta1/projects/lunags-management-system/adminSdkConfig 200
[debug] [2026-06-15T12:43:37.762Z] <<< [apiv2][body] GET https://firebase.googleapis.com/v1beta1/projects/lunags-management-system/adminSdkConfig {"projectId":"lunags-management-system","databaseURL":"https://lunags-management-system-default-rtdb.firebaseio.com","storageBucket":"lunags-management-system.firebasestorage.app"}
[debug] [2026-06-15T12:43:37.774Z] Validating nodejs source
[debug] [2026-06-15T12:43:39.579Z] > [functions] package.json contents: {
  "name": "functions",
  "description": "Cloud Functions for Firebase",
  "scripts": {
    "serve": "firebase emulators:start --only functions",
    "shell": "firebase functions:shell",
    "start": "npm run shell",
    "deploy": "firebase deploy --only functions",
    "logs": "firebase functions:log"
  },
  "engines": {
    "node": "22"
  },
  "main": "index.js",
  "dependencies": {
    "firebase-admin": "^13.6.0",
    "firebase-functions": "^7.0.0",
    "resend": "^6.12.4"
  },
  "devDependencies": {
    "firebase-functions-test": "^3.4.1"
  },
  "private": true
}
[debug] [2026-06-15T12:43:39.579Z] Building nodejs source
[info] i  functions: Loading and analyzing source code for codebase default to determine what to deploy 
[debug] [2026-06-15T12:43:39.581Z] Could not find functions.yaml. Must use http discovery
[debug] [2026-06-15T12:43:39.619Z] Found firebase-functions binary at 'D:\Programming\functions\node_modules\.bin\firebase-functions'
[info] Serving at port 8493

[debug] [2026-06-15T12:43:41.431Z] Got response from /__/functions.yaml {"endpoints":{"send":{"availableMemoryMb":null,"timeoutSeconds":null,"minInstances":null,"maxInstances":null,"ingressSettings":null,"concurrency":null,"serviceAccountEmail":null,"vpc":null,"platform":"gcfv2","secretEnvironmentVariables":[{"key":"RESEND_API_KEY"}],"labels":{},"httpsTrigger":{},"entryPoint":"send"}},"specVersion":"v1alpha1","requiredAPIs":[],"extensions":{},"params":[{"type":"secret","name":"RESEND_API_KEY"}]}
[debug] [2026-06-15T12:43:45.504Z] Checked if tokens are valid: true, expires at: 1781531014797
[debug] [2026-06-15T12:43:45.505Z] Checked if tokens are valid: true, expires at: 1781531014797
[debug] [2026-06-15T12:43:45.505Z] >>> [apiv2][query] GET https://cloudfunctions.googleapis.com/v1/projects/lunags-management-system/locations/-/functions [none]
[debug] [2026-06-15T12:43:46.256Z] <<< [apiv2][status] GET https://cloudfunctions.googleapis.com/v1/projects/lunags-management-system/locations/-/functions 200
[debug] [2026-06-15T12:43:46.256Z] <<< [apiv2][body] GET https://cloudfunctions.googleapis.com/v1/projects/lunags-management-system/locations/-/functions {}
[debug] [2026-06-15T12:43:46.257Z] Checked if tokens are valid: true, expires at: 1781531014797
[debug] [2026-06-15T12:43:46.257Z] Checked if tokens are valid: true, expires at: 1781531014797
[debug] [2026-06-15T12:43:46.258Z] >>> [apiv2][query] GET https://cloudfunctions.googleapis.com/v2/projects/lunags-management-system/locations/-/functions filter=environment%3D%22GEN_2%22
[debug] [2026-06-15T12:43:47.688Z] <<< [apiv2][status] GET https://cloudfunctions.googleapis.com/v2/projects/lunags-management-system/locations/-/functions 200
[debug] [2026-06-15T12:43:47.689Z] <<< [apiv2][body] GET https://cloudfunctions.googleapis.com/v2/projects/lunags-management-system/locations/-/functions {"functions":[{"name":"projects/lunags-management-system/locations/us-central1/functions/send","buildConfig":{"build":"projects/1039501095200/locations/us-central1/builds/1931015b-fe97-4939-9af6-e5a399cf125b","runtime":"nodejs22","entryPoint":"send","source":{"storageSource":{"bucket":"gcf-v2-sources-1039501095200-us-central1","object":"send/function-source.zip","generation":"1781525269003990"}},"environmentVariables":{"GOOGLE_NODE_RUN_SCRIPTS":""},"dockerRepository":"projects/lunags-management-system/locations/us-central1/repositories/gcf-artifacts","sourceProvenance":{"resolvedStorageSource":{"bucket":"gcf-v2-sources-1039501095200-us-central1","object":"send/function-source.zip","generation":"1781525269003990"}},"dockerRegistry":"ARTIFACT_REGISTRY","serviceAccount":"projects/lunags-management-system/serviceAccounts/1039501095200-compute@developer.gserviceaccount.com","automaticUpdatePolicy":{}},"serviceConfig":{"service":"projects/lunags-management-system/locations/us-central1/services/send","timeoutSeconds":60,"environmentVariables":{"RESEND_KEY":"re_6dpuUwUL_PTTLL6V75P2EfhMg5PbyBsQH","FIREBASE_CONFIG":"{\"projectId\":\"lunags-management-system\",\"databaseURL\":\"https://lunags-management-system-default-rtdb.firebaseio.com\",\"storageBucket\":\"lunags-management-system.firebasestorage.app\"}","GCLOUD_PROJECT":"lunags-management-system","EVENTARC_CLOUD_EVENT_SOURCE":"projects/lunags-management-system/locations/us-central1/services/send","FUNCTION_TARGET":"send","LOG_EXECUTION_ID":"true"},"ingressSettings":"ALLOW_ALL","uri":"https://send-poqx4aslqa-uc.a.run.app","serviceAccountEmail":"1039501095200-compute@developer.gserviceaccount.com","availableMemory":"256Mi","allTrafficOnLatestRevision":true,"secretEnvironmentVariables":[{"key":"RESEND_API_KEY","projectId":"lunags-management-system","secret":"RESEND_API_KEY","version":"1"}],"revision":"send-00001-zey","maxInstanceRequestConcurrency":80,"availableCpu":"1"},"state":"ACTIVE","updateTime":"2026-06-15T12:09:01.786062464Z","labels":{"deployment-tool":"cli-firebase","firebase-functions-hash":"d107a1a22a3a1949b1b5863dddd3e3153fd0b2f1"},"environment":"GEN_2","url":"https://us-central1-lunags-management-system.cloudfunctions.net/send","createTime":"2026-06-15T11:53:08.636960528Z","satisfiesPzi":true}]}
[info] i  extensions: ensuring required API firebaseextensions.googleapis.com is enabled... 
[debug] [2026-06-15T12:43:47.695Z] > command requires scopes: ["email","openid","https://www.googleapis.com/auth/cloudplatformprojects.readonly","https://www.googleapis.com/auth/firebase","https://www.googleapis.com/auth/cloud-platform"]
[debug] [2026-06-15T12:43:47.696Z] > authorizing via signed-in user (nagisa.ito121001m@gmail.com)
[debug] [2026-06-15T12:43:47.697Z] [iam] checking project lunags-management-system for permissions ["firebase.projects.get","firebaseextensions.instances.list"]
[debug] [2026-06-15T12:43:47.698Z] Checked if tokens are valid: true, expires at: 1781531014797
[debug] [2026-06-15T12:43:47.698Z] Checked if tokens are valid: true, expires at: 1781531014797
[debug] [2026-06-15T12:43:47.699Z] >>> [apiv2][query] POST https://cloudresourcemanager.googleapis.com/v1/projects/lunags-management-system:testIamPermissions [none]
[debug] [2026-06-15T12:43:47.699Z] >>> [apiv2][(partial)header] POST https://cloudresourcemanager.googleapis.com/v1/projects/lunags-management-system:testIamPermissions  x-goog-user-project=lunags-management-system
[debug] [2026-06-15T12:43:47.699Z] >>> [apiv2][body] POST https://cloudresourcemanager.googleapis.com/v1/projects/lunags-management-system:testIamPermissions {"permissions":["firebase.projects.get","firebaseextensions.instances.list"]}
[debug] [2026-06-15T12:43:47.892Z] <<< [apiv2][status] POST https://cloudresourcemanager.googleapis.com/v1/projects/lunags-management-system:testIamPermissions 200
[debug] [2026-06-15T12:43:47.893Z] <<< [apiv2][body] POST https://cloudresourcemanager.googleapis.com/v1/projects/lunags-management-system:testIamPermissions {"permissions":["firebase.projects.get","firebaseextensions.instances.list"]}
[debug] [2026-06-15T12:43:47.894Z] Checked if tokens are valid: true, expires at: 1781531014797
[debug] [2026-06-15T12:43:47.895Z] Checked if tokens are valid: true, expires at: 1781531014797
[debug] [2026-06-15T12:43:47.895Z] >>> [apiv2][query] GET https://firebaseextensions.googleapis.com/v1beta/projects/lunags-management-system/instances pageSize=100&pageToken=
[debug] [2026-06-15T12:43:48.710Z] <<< [apiv2][status] GET https://firebaseextensions.googleapis.com/v1beta/projects/lunags-management-system/instances 200
[debug] [2026-06-15T12:43:48.710Z] <<< [apiv2][body] GET https://firebaseextensions.googleapis.com/v1beta/projects/lunags-management-system/instances {}
[info] i  functions: Loaded environment variables from .env. 
[debug] [2026-06-15T12:43:48.716Z] Checked if tokens are valid: true, expires at: 1781531014797
[debug] [2026-06-15T12:43:48.716Z] Checked if tokens are valid: true, expires at: 1781531014797
[debug] [2026-06-15T12:43:48.716Z] >>> [apiv2][query] GET https://secretmanager.googleapis.com/v1/projects/lunags-management-system/secrets/RESEND_API_KEY [none]
[debug] [2026-06-15T12:43:48.955Z] <<< [apiv2][status] GET https://secretmanager.googleapis.com/v1/projects/lunags-management-system/secrets/RESEND_API_KEY 200
[debug] [2026-06-15T12:43:48.956Z] <<< [apiv2][body] GET https://secretmanager.googleapis.com/v1/projects/lunags-management-system/secrets/RESEND_API_KEY {"name":"projects/1039501095200/secrets/RESEND_API_KEY","replication":{"automatic":{}},"createTime":"2026-06-15T11:52:42.636645Z","labels":{"firebase-managed":"functions"},"etag":"\"16544976d36363\""}
[debug] [2026-06-15T12:43:48.958Z] Checked if tokens are valid: true, expires at: 1781531014797
[debug] [2026-06-15T12:43:48.958Z] Checked if tokens are valid: true, expires at: 1781531014797
[debug] [2026-06-15T12:43:48.958Z] >>> [apiv2][query] GET https://secretmanager.googleapis.com/v1/projects/lunags-management-system/secrets/RESEND_API_KEY/versions/latest [none]
[debug] [2026-06-15T12:43:49.144Z] <<< [apiv2][status] GET https://secretmanager.googleapis.com/v1/projects/lunags-management-system/secrets/RESEND_API_KEY/versions/latest 200
[debug] [2026-06-15T12:43:49.145Z] <<< [apiv2][body] GET https://secretmanager.googleapis.com/v1/projects/lunags-management-system/secrets/RESEND_API_KEY/versions/latest {"name":"projects/1039501095200/secrets/RESEND_API_KEY/versions/1","createTime":"2026-06-15T11:52:45.494705Z","state":"ENABLED","replicationStatus":{"automatic":{}},"etag":"\"16544976f6c9b1\""}
[info] i  functions: preparing functions directory for uploading... 
[info] i  functions: packaged D:\Programming\functions (71.48 KB) for uploading 
[info] i  functions: ensuring required API run.googleapis.com is enabled... 
[info] i  functions: ensuring required API eventarc.googleapis.com is enabled... 
[info] i  functions: ensuring required API pubsub.googleapis.com is enabled... 
[info] i  functions: ensuring required API storage.googleapis.com is enabled... 
[info] i  functions: generating the service identity for pubsub.googleapis.com... 
[debug] [2026-06-15T12:43:49.228Z] Checked if tokens are valid: true, expires at: 1781531014797
[debug] [2026-06-15T12:43:49.228Z] Checked if tokens are valid: true, expires at: 1781531014797
[info] i  functions: generating the service identity for eventarc.googleapis.com... 
[debug] [2026-06-15T12:43:49.229Z] Checked if tokens are valid: true, expires at: 1781531014797
[debug] [2026-06-15T12:43:49.229Z] Checked if tokens are valid: true, expires at: 1781531014797
[debug] [2026-06-15T12:43:49.229Z] >>> [apiv2][query] POST https://serviceusage.googleapis.com/v1beta1/projects/1039501095200/services/pubsub.googleapis.com:generateServiceIdentity [none]
[debug] [2026-06-15T12:43:49.229Z] >>> [apiv2][(partial)header] POST https://serviceusage.googleapis.com/v1beta1/projects/1039501095200/services/pubsub.googleapis.com:generateServiceIdentity  x-goog-user-project=1039501095200
[debug] [2026-06-15T12:43:49.229Z] >>> [apiv2][body] POST https://serviceusage.googleapis.com/v1beta1/projects/1039501095200/services/pubsub.googleapis.com:generateServiceIdentity {}
[debug] [2026-06-15T12:43:49.230Z] >>> [apiv2][query] POST https://serviceusage.googleapis.com/v1beta1/projects/1039501095200/services/eventarc.googleapis.com:generateServiceIdentity [none]
[debug] [2026-06-15T12:43:49.231Z] >>> [apiv2][(partial)header] POST https://serviceusage.googleapis.com/v1beta1/projects/1039501095200/services/eventarc.googleapis.com:generateServiceIdentity  x-goog-user-project=1039501095200
[debug] [2026-06-15T12:43:49.231Z] >>> [apiv2][body] POST https://serviceusage.googleapis.com/v1beta1/projects/1039501095200/services/eventarc.googleapis.com:generateServiceIdentity {}
[debug] [2026-06-15T12:43:50.299Z] <<< [apiv2][status] POST https://serviceusage.googleapis.com/v1beta1/projects/1039501095200/services/eventarc.googleapis.com:generateServiceIdentity 200
[debug] [2026-06-15T12:43:50.299Z] <<< [apiv2][body] POST https://serviceusage.googleapis.com/v1beta1/projects/1039501095200/services/eventarc.googleapis.com:generateServiceIdentity {"name":"operations/finished.DONE_OPERATION","done":true,"response":{"@type":"type.googleapis.com/google.api.serviceusage.v1beta1.ServiceIdentity","email":"service-1039501095200@gcp-sa-eventarc.iam.gserviceaccount.com","uniqueId":"104667308277623293541"}}
[debug] [2026-06-15T12:43:50.425Z] <<< [apiv2][status] POST https://serviceusage.googleapis.com/v1beta1/projects/1039501095200/services/pubsub.googleapis.com:generateServiceIdentity 200
[debug] [2026-06-15T12:43:50.426Z] <<< [apiv2][body] POST https://serviceusage.googleapis.com/v1beta1/projects/1039501095200/services/pubsub.googleapis.com:generateServiceIdentity {"name":"operations/finished.DONE_OPERATION","done":true,"response":{"@type":"type.googleapis.com/google.api.serviceusage.v1beta1.ServiceIdentity","email":"service-1039501095200@gcp-sa-pubsub.iam.gserviceaccount.com","uniqueId":"114093998697464271098"}}
[info] i  functions: ensuring required API secretmanager.googleapis.com is enabled... 
[debug] [2026-06-15T12:43:50.434Z] Checked if tokens are valid: true, expires at: 1781531014797
[debug] [2026-06-15T12:43:50.434Z] Checked if tokens are valid: true, expires at: 1781531014797
[debug] [2026-06-15T12:43:50.435Z] >>> [apiv2][query] GET https://secretmanager.googleapis.com/v1/projects/lunags-management-system/secrets/RESEND_API_KEY/versions/latest [none]
[debug] [2026-06-15T12:43:50.630Z] <<< [apiv2][status] GET https://secretmanager.googleapis.com/v1/projects/lunags-management-system/secrets/RESEND_API_KEY/versions/latest 200
[debug] [2026-06-15T12:43:50.630Z] <<< [apiv2][body] GET https://secretmanager.googleapis.com/v1/projects/lunags-management-system/secrets/RESEND_API_KEY/versions/latest {"name":"projects/1039501095200/secrets/RESEND_API_KEY/versions/1","createTime":"2026-06-15T11:52:45.494705Z","state":"ENABLED","replicationStatus":{"automatic":{}},"etag":"\"16544976f6c9b1\""}
[debug] [2026-06-15T12:43:50.631Z] Resolved secret version of RESEND_API_KEY to 1.
[debug] [2026-06-15T12:43:50.636Z] Checked if tokens are valid: true, expires at: 1781531014797
[debug] [2026-06-15T12:43:50.637Z] Checked if tokens are valid: true, expires at: 1781531014797
[debug] [2026-06-15T12:43:50.637Z] >>> [apiv2][query] GET https://cloudresourcemanager.googleapis.com/v1/projects/lunags-management-system [none]
[debug] [2026-06-15T12:43:50.834Z] <<< [apiv2][status] GET https://cloudresourcemanager.googleapis.com/v1/projects/lunags-management-system 200
[debug] [2026-06-15T12:43:50.834Z] <<< [apiv2][body] GET https://cloudresourcemanager.googleapis.com/v1/projects/lunags-management-system {"projectNumber":"1039501095200","projectId":"lunags-management-system","lifecycleState":"ACTIVE","name":"LUNAGS Management System","labels":{"firebase":"enabled","firebase-core":"disabled"},"createTime":"2026-05-25T22:27:31.888Z"}
[debug] [2026-06-15T12:43:50.836Z] Checked if tokens are valid: true, expires at: 1781531014797
[debug] [2026-06-15T12:43:50.836Z] Checked if tokens are valid: true, expires at: 1781531014797
[debug] [2026-06-15T12:43:50.837Z] >>> [apiv2][query] GET https://compute.googleapis.com/compute/v1/projects/1039501095200 [none]
[debug] [2026-06-15T12:43:51.139Z] <<< [apiv2][status] GET https://compute.googleapis.com/compute/v1/projects/1039501095200 403
[debug] [2026-06-15T12:43:51.139Z] <<< [apiv2][body] GET https://compute.googleapis.com/compute/v1/projects/1039501095200 {"error":{"code":403,"message":"Compute Engine API has not been used in project 1039501095200 before or it is disabled. Enable it by visiting https://console.developers.google.com/apis/api/compute.googleapis.com/overview?project=1039501095200 then retry. If you enabled this API recently, wait a few minutes for the action to propagate to our systems and retry.","errors":[{"message":"Compute Engine API has not been used in project 1039501095200 before or it is disabled. Enable it by visiting https://console.developers.google.com/apis/api/compute.googleapis.com/overview?project=1039501095200 then retry. If you enabled this API recently, wait a few minutes for the action to propagate to our systems and retry.","domain":"usageLimits","reason":"accessNotConfigured","extendedHelp":"https://console.developers.google.com"}],"status":"PERMISSION_DENIED","details":[{"@type":"type.googleapis.com/google.rpc.ErrorInfo","reason":"SERVICE_DISABLED","domain":"googleapis.com","metadata":{"consumer":"projects/1039501095200","containerInfo":"1039501095200","activationUrl":"https://console.developers.google.com/apis/api/compute.googleapis.com/overview?project=1039501095200","service":"compute.googleapis.com","serviceTitle":"Compute Engine API"}},{"@type":"type.googleapis.com/google.rpc.LocalizedMessage","locale":"en-US","message":"Compute Engine API has not been used in project 1039501095200 before or it is disabled. Enable it by visiting https://console.developers.google.com/apis/api/compute.googleapis.com/overview?project=1039501095200 then retry. If you enabled this API recently, wait a few minutes for the action to propagate to our systems and retry."},{"@type":"type.googleapis.com/google.rpc.Help","links":[{"description":"Google developers console API activation","url":"https://console.developers.google.com/apis/api/compute.googleapis.com/overview?project=1039501095200"}]}]}}
[debug] [2026-06-15T12:43:51.140Z] unable to look up default compute service account. Falling back to 1039501095200-compute@developer.gserviceaccount.com. Error: {"name":"FirebaseError","children":[],"context":{"body":{"error":{"code":403,"message":"Compute Engine API has not been used in project 1039501095200 before or it is disabled. Enable it by visiting https://console.developers.google.com/apis/api/compute.googleapis.com/overview?project=1039501095200 then retry. If you enabled this API recently, wait a few minutes for the action to propagate to our systems and retry.","errors":[{"message":"Compute Engine API has not been used in project 1039501095200 before or it is disabled. Enable it by visiting https://console.developers.google.com/apis/api/compute.googleapis.com/overview?project=1039501095200 then retry. If you enabled this API recently, wait a few minutes for the action to propagate to our systems and retry.","domain":"usageLimits","reason":"accessNotConfigured","extendedHelp":"https://console.developers.google.com"}],"status":"PERMISSION_DENIED","details":[{"@type":"type.googleapis.com/google.rpc.ErrorInfo","reason":"SERVICE_DISABLED","domain":"googleapis.com","metadata":{"consumer":"projects/1039501095200","containerInfo":"1039501095200","activationUrl":"https://console.developers.google.com/apis/api/compute.googleapis.com/overview?project=1039501095200","service":"compute.googleapis.com","serviceTitle":"Compute Engine API"}},{"@type":"type.googleapis.com/google.rpc.LocalizedMessage","locale":"en-US","message":"Compute Engine API has not been used in project 1039501095200 before or it is disabled. Enable it by visiting https://console.developers.google.com/apis/api/compute.googleapis.com/overview?project=1039501095200 then retry. If you enabled this API recently, wait a few minutes for the action to propagate to our systems and retry."},{"@type":"type.googleapis.com/google.rpc.Help","links":[{"description":"Google developers console API activation","url":"https://console.developers.google.com/apis/api/compute.googleapis.com/overview?project=1039501095200"}]}]}},"response":{"statusCode":403}},"exit":1,"message":"Request to https://compute.googleapis.com/compute/v1/projects/1039501095200 had HTTP Error: 403, Compute Engine API has not been used in project 1039501095200 before or it is disabled. Enable it by visiting https://console.developers.google.com/apis/api/compute.googleapis.com/overview?project=1039501095200 then retry. If you enabled this API recently, wait a few minutes for the action to propagate to our systems and retry.","status":403}
[debug] [2026-06-15T12:43:51.143Z] Checked if tokens are valid: true, expires at: 1781531014797
[debug] [2026-06-15T12:43:51.143Z] Checked if tokens are valid: true, expires at: 1781531014797
[debug] [2026-06-15T12:43:51.143Z] >>> [apiv2][query] GET https://cloudbilling.googleapis.com/v1/projects/lunags-management-system/billingInfo [none]
[debug] [2026-06-15T12:43:52.295Z] <<< [apiv2][status] GET https://cloudbilling.googleapis.com/v1/projects/lunags-management-system/billingInfo 200
[debug] [2026-06-15T12:43:52.295Z] <<< [apiv2][body] GET https://cloudbilling.googleapis.com/v1/projects/lunags-management-system/billingInfo {"name":"projects/lunags-management-system/billingInfo","projectId":"lunags-management-system","billingAccountName":"billingAccounts/01AA11-9B9DE7-72AF27","billingEnabled":true}
[debug] [2026-06-15T12:43:52.302Z] Checked if tokens are valid: true, expires at: 1781531014797
[debug] [2026-06-15T12:43:52.303Z] Checked if tokens are valid: true, expires at: 1781531014797
[debug] [2026-06-15T12:43:52.303Z] >>> [apiv2][query] POST https://cloudfunctions.googleapis.com/v2/projects/lunags-management-system/locations/us-central1/functions:generateUploadUrl [none]
[debug] [2026-06-15T12:43:53.523Z] <<< [apiv2][status] POST https://cloudfunctions.googleapis.com/v2/projects/lunags-management-system/locations/us-central1/functions:generateUploadUrl 200
[debug] [2026-06-15T12:43:53.524Z] <<< [apiv2][body] POST https://cloudfunctions.googleapis.com/v2/projects/lunags-management-system/locations/us-central1/functions:generateUploadUrl {"uploadUrl":"https://storage.googleapis.com/gcf-v2-uploads-1039501095200.us-central1.cloudfunctions.appspot.com/4e00b18f-9012-4126-8870-3260176d7475.zip?GoogleAccessId=service-1039501095200@gcf-admin-robot.iam.gserviceaccount.com&Expires=1781529234&Signature=CrN8SzZpCMqJfy8E3I6x0k98cz0LBkZrg%2Fx5VW4B0uT6TnwFmT6Cf%2Flt4RWqde9Lt1eZMtJQfRgrOfSteUS0B%2FveKh5MDjEB60GWUFNdJ2MNA4IpgLhGPVjVGDcxE04b1EA9Ei7Ym%2Bdf4hHDsr0kL%2B8T%2F%2BMHrek4ze33fxyUJ06KANbZifOT41Ic5nvYTBaMwCIvDjupUHb5%2BYDp4DQscOnCzVaBo56WC0KNc0fTyc6ov%2BcLgr0qT7Pl2B3s83DNtLS%2Fu6DfYVYI%2Bqv%2BnyfzPPPdHPI8Y%2Bz%2FSxZCZD9SMSbItvbhS02p9xm8sn1oia5eGpq1q2J7ZShHmlUwprEqAw%3D%3D","storageSource":{"bucket":"gcf-v2-uploads-1039501095200.us-central1.cloudfunctions.appspot.com","object":"4e00b18f-9012-4126-8870-3260176d7475.zip"}}
[debug] [2026-06-15T12:43:53.526Z] >>> [apiv2][query] PUT https://storage.googleapis.com/gcf-v2-uploads-1039501095200.us-central1.cloudfunctions.appspot.com/4e00b18f-9012-4126-8870-3260176d7475.zip GoogleAccessId=service-1039501095200%40gcf-admin-robot.iam.gserviceaccount.com&Expires=1781529234&Signature=CrN8SzZpCMqJfy8E3I6x0k98cz0LBkZrg%2Fx5VW4B0uT6TnwFmT6Cf%2Flt4RWqde9Lt1eZMtJQfRgrOfSteUS0B%2FveKh5MDjEB60GWUFNdJ2MNA4IpgLhGPVjVGDcxE04b1EA9Ei7Ym%2Bdf4hHDsr0kL%2B8T%2F%2BMHrek4ze33fxyUJ06KANbZifOT41Ic5nvYTBaMwCIvDjupUHb5%2BYDp4DQscOnCzVaBo56WC0KNc0fTyc6ov%2BcLgr0qT7Pl2B3s83DNtLS%2Fu6DfYVYI%2Bqv%2BnyfzPPPdHPI8Y%2Bz%2FSxZCZD9SMSbItvbhS02p9xm8sn1oia5eGpq1q2J7ZShHmlUwprEqAw%3D%3D
[debug] [2026-06-15T12:43:53.527Z] >>> [apiv2][body] PUT https://storage.googleapis.com/gcf-v2-uploads-1039501095200.us-central1.cloudfunctions.appspot.com/4e00b18f-9012-4126-8870-3260176d7475.zip [stream]
[debug] [2026-06-15T12:43:53.995Z] <<< [apiv2][status] PUT https://storage.googleapis.com/gcf-v2-uploads-1039501095200.us-central1.cloudfunctions.appspot.com/4e00b18f-9012-4126-8870-3260176d7475.zip 200
[debug] [2026-06-15T12:43:53.996Z] <<< [apiv2][body] PUT https://storage.googleapis.com/gcf-v2-uploads-1039501095200.us-central1.cloudfunctions.appspot.com/4e00b18f-9012-4126-8870-3260176d7475.zip [omitted]
[info] +  functions: functions source uploaded successfully 
[info] i  functions: updating Node.js 22 (2nd Gen) function send(us-central1)... 
[debug] [2026-06-15T12:43:54.011Z] Checked if tokens are valid: true, expires at: 1781531014797
[debug] [2026-06-15T12:43:54.011Z] Checked if tokens are valid: true, expires at: 1781531014797
[debug] [2026-06-15T12:43:54.012Z] >>> [apiv2][query] PATCH https://cloudfunctions.googleapis.com/v2/projects/lunags-management-system/locations/us-central1/functions/send updateMask=name%2CbuildConfig.runtime%2CbuildConfig.entryPoint%2CbuildConfig.source.storageSource.bucket%2CbuildConfig.source.storageSource.object%2CbuildConfig.environmentVariables%2CbuildConfig.sourceToken%2CserviceConfig.environmentVariables%2CserviceConfig.secretEnvironmentVariables%2CserviceConfig.ingressSettings%2CserviceConfig.timeoutSeconds%2CserviceConfig.serviceAccountEmail%2CserviceConfig.availableMemory%2CserviceConfig.minInstanceCount%2CserviceConfig.maxInstanceCount%2CserviceConfig.maxInstanceRequestConcurrency%2CserviceConfig.availableCpu%2CserviceConfig.vpcConnector%2CserviceConfig.vpcConnectorEgressSettings%2CserviceConfig.directVpcNetworkInterface%2CserviceConfig.directVpcEgress%2Clabels
[debug] [2026-06-15T12:43:54.012Z] >>> [apiv2][body] PATCH https://cloudfunctions.googleapis.com/v2/projects/lunags-management-system/locations/us-central1/functions/send {"name":"projects/lunags-management-system/locations/us-central1/functions/send","buildConfig":{"runtime":"nodejs22","entryPoint":"send","source":{"storageSource":{"bucket":"gcf-v2-uploads-1039501095200.us-central1.cloudfunctions.appspot.com","object":"4e00b18f-9012-4126-8870-3260176d7475.zip"}},"environmentVariables":{"GOOGLE_NODE_RUN_SCRIPTS":""}},"serviceConfig":{"environmentVariables":{"RESEND_KEY":"re_6dpuUwUL_PTTLL6V75P2EfhMg5PbyBsQH","FIREBASE_CONFIG":"{\"projectId\":\"lunags-management-system\",\"databaseURL\":\"https://lunags-management-system-default-rtdb.firebaseio.com\",\"storageBucket\":\"lunags-management-system.firebasestorage.app\"}","GCLOUD_PROJECT":"lunags-management-system","EVENTARC_CLOUD_EVENT_SOURCE":"projects/lunags-management-system/locations/us-central1/services/send","FUNCTION_TARGET":"send","LOG_EXECUTION_ID":"true"},"secretEnvironmentVariables":[{"key":"RESEND_API_KEY","secret":"RESEND_API_KEY","projectId":"lunags-management-system","version":"1"}],"ingressSettings":null,"timeoutSeconds":null,"serviceAccountEmail":null,"availableMemory":"256Mi","minInstanceCount":null,"maxInstanceCount":null,"maxInstanceRequestConcurrency":80,"availableCpu":"1","vpcConnector":null,"vpcConnectorEgressSettings":null,"directVpcNetworkInterface":null,"directVpcEgress":null},"labels":{"deployment-tool":"cli-firebase","firebase-functions-hash":"daf87306f464704d0e6451af334e6992beae96b6"}}
[debug] [2026-06-15T12:43:56.019Z] <<< [apiv2][status] PATCH https://cloudfunctions.googleapis.com/v2/projects/lunags-management-system/locations/us-central1/functions/send 200
[debug] [2026-06-15T12:43:56.020Z] <<< [apiv2][body] PATCH https://cloudfunctions.googleapis.com/v2/projects/lunags-management-system/locations/us-central1/functions/send {"name":"projects/lunags-management-system/locations/us-central1/operations/operation-1781527435986-6544a2dfac7a0-efe0c854-15d96ec0","metadata":{"@type":"type.googleapis.com/google.cloud.functions.v2.OperationMetadata","createTime":"2026-06-15T12:43:56.823905497Z","target":"projects/lunags-management-system/locations/us-central1/functions/send","verb":"update","cancelRequested":false,"apiVersion":"v2"},"done":false}
[debug] [2026-06-15T12:43:56.021Z] Checked if tokens are valid: true, expires at: 1781531014797
[debug] [2026-06-15T12:43:56.022Z] Checked if tokens are valid: true, expires at: 1781531014797
[debug] [2026-06-15T12:43:56.022Z] >>> [apiv2][query] GET https://cloudfunctions.googleapis.com/v2/projects/lunags-management-system/locations/us-central1/operations/operation-1781527435986-6544a2dfac7a0-efe0c854-15d96ec0 [none]
[debug] [2026-06-15T12:43:56.303Z] <<< [apiv2][status] GET https://cloudfunctions.googleapis.com/v2/projects/lunags-management-system/locations/us-central1/operations/operation-1781527435986-6544a2dfac7a0-efe0c854-15d96ec0 200
[debug] [2026-06-15T12:43:56.303Z] <<< [apiv2][body] GET https://cloudfunctions.googleapis.com/v2/projects/lunags-management-system/locations/us-central1/operations/operation-1781527435986-6544a2dfac7a0-efe0c854-15d96ec0 {"name":"projects/lunags-management-system/locations/us-central1/operations/operation-1781527435986-6544a2dfac7a0-efe0c854-15d96ec0","metadata":{"@type":"type.googleapis.com/google.cloud.functions.v2.OperationMetadata","createTime":"2026-06-15T12:43:56.823905497Z","target":"projects/lunags-management-system/locations/us-central1/functions/send","verb":"update","cancelRequested":false,"apiVersion":"v2","requestResource":{"@type":"type.googleapis.com/google.cloud.functions.v2.Function","name":"projects/lunags-management-system/locations/us-central1/functions/send","buildConfig":{"runtime":"nodejs22","entryPoint":"send","source":{"storageSource":{"bucket":"gcf-v2-sources-1039501095200-us-central1","object":"send/function-source.zip","generation":"1781527436775171"}},"environmentVariables":{"GOOGLE_NODE_RUN_SCRIPTS":""},"dockerRepository":"projects/lunags-management-system/locations/us-central1/repositories/gcf-artifacts","sourceProvenance":{"resolvedStorageSource":{"bucket":"gcf-v2-sources-1039501095200-us-central1","object":"send/function-source.zip","generation":"1781525269003990"}},"dockerRegistry":"ARTIFACT_REGISTRY","serviceAccount":"projects/lunags-management-system/serviceAccounts/1039501095200-compute@developer.gserviceaccount.com","automaticUpdatePolicy":{}},"serviceConfig":{"service":"projects/lunags-management-system/locations/us-central1/services/send","timeoutSeconds":60,"environmentVariables":{"RESEND_KEY":"re_6dpuUwUL_PTTLL6V75P2EfhMg5PbyBsQH","FIREBASE_CONFIG":"{\"projectId\":\"lunags-management-system\",\"databaseURL\":\"https://lunags-management-system-default-rtdb.firebaseio.com\",\"storageBucket\":\"lunags-management-system.firebasestorage.app\"}","GCLOUD_PROJECT":"lunags-management-system","EVENTARC_CLOUD_EVENT_SOURCE":"projects/lunags-management-system/locations/us-central1/services/send","FUNCTION_TARGET":"send","LOG_EXECUTION_ID":"true"},"ingressSettings":"ALLOW_ALL","uri":"https://send-poqx4aslqa-uc.a.run.app","serviceAccountEmail":"1039501095200-compute@developer.gserviceaccount.com","availableMemory":"256Mi","allTrafficOnLatestRevision":true,"secretEnvironmentVariables":[{"key":"RESEND_API_KEY","projectId":"lunags-management-system","secret":"RESEND_API_KEY","version":"1"}],"revision":"send-00001-zey","maxInstanceRequestConcurrency":80,"availableCpu":"1"},"state":"ACTIVE","labels":{"deployment-tool":"cloudfunctions","firebase-functions-hash":"daf87306f464704d0e6451af334e6992beae96b6"},"environment":"GEN_2","url":"https://us-central1-lunags-management-system.cloudfunctions.net/send","satisfiesPzi":true},"stages":[{"name":"BUILD","state":"NOT_STARTED"},{"name":"SERVICE","state":"NOT_STARTED"}],"operationType":"UPDATE_FUNCTION"},"done":false}
[debug] [2026-06-15T12:43:56.816Z] [update-default-us-central1-send] Retrying task index 0
[debug] [2026-06-15T12:43:56.817Z] Checked if tokens are valid: true, expires at: 1781531014797
[debug] [2026-06-15T12:43:56.817Z] Checked if tokens are valid: true, expires at: 1781531014797
[debug] [2026-06-15T12:43:56.817Z] >>> [apiv2][query] GET https://cloudfunctions.googleapis.com/v2/projects/lunags-management-system/locations/us-central1/operations/operation-1781527435986-6544a2dfac7a0-efe0c854-15d96ec0 [none]
[debug] [2026-06-15T12:43:57.868Z] <<< [apiv2][status] GET https://cloudfunctions.googleapis.com/v2/projects/lunags-management-system/locations/us-central1/operations/operation-1781527435986-6544a2dfac7a0-efe0c854-15d96ec0 200
[debug] [2026-06-15T12:43:57.870Z] <<< [apiv2][body] GET https://cloudfunctions.googleapis.com/v2/projects/lunags-management-system/locations/us-central1/operations/operation-1781527435986-6544a2dfac7a0-efe0c854-15d96ec0 {"name":"projects/lunags-management-system/locations/us-central1/operations/operation-1781527435986-6544a2dfac7a0-efe0c854-15d96ec0","metadata":{"@type":"type.googleapis.com/google.cloud.functions.v2.OperationMetadata","createTime":"2026-06-15T12:43:56.823905497Z","target":"projects/lunags-management-system/locations/us-central1/functions/send","verb":"update","cancelRequested":false,"apiVersion":"v2","requestResource":{"@type":"type.googleapis.com/google.cloud.functions.v2.Function","name":"projects/lunags-management-system/locations/us-central1/functions/send","buildConfig":{"runtime":"nodejs22","entryPoint":"send","source":{"storageSource":{"bucket":"gcf-v2-sources-1039501095200-us-central1","object":"send/function-source.zip","generation":"1781527436775171"}},"environmentVariables":{"GOOGLE_NODE_RUN_SCRIPTS":""},"dockerRepository":"projects/lunags-management-system/locations/us-central1/repositories/gcf-artifacts","sourceProvenance":{"resolvedStorageSource":{"bucket":"gcf-v2-sources-1039501095200-us-central1","object":"send/function-source.zip","generation":"1781525269003990"}},"dockerRegistry":"ARTIFACT_REGISTRY","serviceAccount":"projects/lunags-management-system/serviceAccounts/1039501095200-compute@developer.gserviceaccount.com","automaticUpdatePolicy":{}},"serviceConfig":{"service":"projects/lunags-management-system/locations/us-central1/services/send","timeoutSeconds":60,"environmentVariables":{"RESEND_KEY":"re_6dpuUwUL_PTTLL6V75P2EfhMg5PbyBsQH","FIREBASE_CONFIG":"{\"projectId\":\"lunags-management-system\",\"databaseURL\":\"https://lunags-management-system-default-rtdb.firebaseio.com\",\"storageBucket\":\"lunags-management-system.firebasestorage.app\"}","GCLOUD_PROJECT":"lunags-management-system","EVENTARC_CLOUD_EVENT_SOURCE":"projects/lunags-management-system/locations/us-central1/services/send","FUNCTION_TARGET":"send","LOG_EXECUTION_ID":"true"},"ingressSettings":"ALLOW_ALL","uri":"https://send-poqx4aslqa-uc.a.run.app","serviceAccountEmail":"1039501095200-compute@developer.gserviceaccount.com","availableMemory":"256Mi","allTrafficOnLatestRevision":true,"secretEnvironmentVariables":[{"key":"RESEND_API_KEY","projectId":"lunags-management-system","secret":"RESEND_API_KEY","version":"1"}],"revision":"send-00001-zey","maxInstanceRequestConcurrency":80,"availableCpu":"1"},"state":"ACTIVE","labels":{"deployment-tool":"cloudfunctions","firebase-functions-hash":"daf87306f464704d0e6451af334e6992beae96b6"},"environment":"GEN_2","url":"https://us-central1-lunags-management-system.cloudfunctions.net/send","satisfiesPzi":true},"stages":[{"name":"BUILD","message":"Build in progress","state":"IN_PROGRESS","resource":"projects/1039501095200/locations/us-central1/builds/98d90fd0-e632-4fae-b601-61c42e5bbba8","resourceUri":"https://console.cloud.google.com/cloud-build/builds;region=us-central1/98d90fd0-e632-4fae-b601-61c42e5bbba8?project=1039501095200"},{"name":"SERVICE","state":"NOT_STARTED"}],"operationType":"UPDATE_FUNCTION","buildName":"projects/1039501095200/locations/us-central1/builds/98d90fd0-e632-4fae-b601-61c42e5bbba8"},"done":false}
[debug] [2026-06-15T12:43:58.884Z] [update-default-us-central1-send] Retrying task index 0
[debug] [2026-06-15T12:43:58.886Z] Checked if tokens are valid: true, expires at: 1781531014797
[debug] [2026-06-15T12:43:58.886Z] Checked if tokens are valid: true, expires at: 1781531014797
[debug] [2026-06-15T12:43:58.886Z] >>> [apiv2][query] GET https://cloudfunctions.googleapis.com/v2/projects/lunags-management-system/locations/us-central1/operations/operation-1781527435986-6544a2dfac7a0-efe0c854-15d96ec0 [none]
[debug] [2026-06-15T12:43:59.202Z] <<< [apiv2][status] GET https://cloudfunctions.googleapis.com/v2/projects/lunags-management-system/locations/us-central1/operations/operation-1781527435986-6544a2dfac7a0-efe0c854-15d96ec0 200
[debug] [2026-06-15T12:43:59.202Z] <<< [apiv2][body] GET https://cloudfunctions.googleapis.com/v2/projects/lunags-management-system/locations/us-central1/operations/operation-1781527435986-6544a2dfac7a0-efe0c854-15d96ec0 {"name":"projects/lunags-management-system/locations/us-central1/operations/operation-1781527435986-6544a2dfac7a0-efe0c854-15d96ec0","metadata":{"@type":"type.googleapis.com/google.cloud.functions.v2.OperationMetadata","createTime":"2026-06-15T12:43:56.823905497Z","target":"projects/lunags-management-system/locations/us-central1/functions/send","verb":"update","cancelRequested":false,"apiVersion":"v2","requestResource":{"@type":"type.googleapis.com/google.cloud.functions.v2.Function","name":"projects/lunags-management-system/locations/us-central1/functions/send","buildConfig":{"runtime":"nodejs22","entryPoint":"send","source":{"storageSource":{"bucket":"gcf-v2-sources-1039501095200-us-central1","object":"send/function-source.zip","generation":"1781527436775171"}},"environmentVariables":{"GOOGLE_NODE_RUN_SCRIPTS":""},"dockerRepository":"projects/lunags-management-system/locations/us-central1/repositories/gcf-artifacts","sourceProvenance":{"resolvedStorageSource":{"bucket":"gcf-v2-sources-1039501095200-us-central1","object":"send/function-source.zip","generation":"1781525269003990"}},"dockerRegistry":"ARTIFACT_REGISTRY","serviceAccount":"projects/lunags-management-system/serviceAccounts/1039501095200-compute@developer.gserviceaccount.com","automaticUpdatePolicy":{}},"serviceConfig":{"service":"projects/lunags-management-system/locations/us-central1/services/send","timeoutSeconds":60,"environmentVariables":{"RESEND_KEY":"re_6dpuUwUL_PTTLL6V75P2EfhMg5PbyBsQH","FIREBASE_CONFIG":"{\"projectId\":\"lunags-management-system\",\"databaseURL\":\"https://lunags-management-system-default-rtdb.firebaseio.com\",\"storageBucket\":\"lunags-management-system.firebasestorage.app\"}","GCLOUD_PROJECT":"lunags-management-system","EVENTARC_CLOUD_EVENT_SOURCE":"projects/lunags-management-system/locations/us-central1/services/send","FUNCTION_TARGET":"send","LOG_EXECUTION_ID":"true"},"ingressSettings":"ALLOW_ALL","uri":"https://send-poqx4aslqa-uc.a.run.app","serviceAccountEmail":"1039501095200-compute@developer.gserviceaccount.com","availableMemory":"256Mi","allTrafficOnLatestRevision":true,"secretEnvironmentVariables":[{"key":"RESEND_API_KEY","projectId":"lunags-management-system","secret":"RESEND_API_KEY","version":"1"}],"revision":"send-00001-zey","maxInstanceRequestConcurrency":80,"availableCpu":"1"},"state":"ACTIVE","labels":{"deployment-tool":"cloudfunctions","firebase-functions-hash":"daf87306f464704d0e6451af334e6992beae96b6"},"environment":"GEN_2","url":"https://us-central1-lunags-management-system.cloudfunctions.net/send","satisfiesPzi":true},"stages":[{"name":"BUILD","message":"Build in progress","state":"IN_PROGRESS","resource":"projects/1039501095200/locations/us-central1/builds/98d90fd0-e632-4fae-b601-61c42e5bbba8","resourceUri":"https://console.cloud.google.com/cloud-build/builds;region=us-central1/98d90fd0-e632-4fae-b601-61c42e5bbba8?project=1039501095200"},{"name":"SERVICE","state":"NOT_STARTED"}],"operationType":"UPDATE_FUNCTION","buildName":"projects/1039501095200/locations/us-central1/builds/98d90fd0-e632-4fae-b601-61c42e5bbba8"},"done":false}
[debug] [2026-06-15T12:44:01.215Z] [update-default-us-central1-send] Retrying task index 0
[debug] [2026-06-15T12:44:01.216Z] Checked if tokens are valid: true, expires at: 1781531014797
[debug] [2026-06-15T12:44:01.217Z] Checked if tokens are valid: true, expires at: 1781531014797
[debug] [2026-06-15T12:44:01.217Z] >>> [apiv2][query] GET https://cloudfunctions.googleapis.com/v2/projects/lunags-management-system/locations/us-central1/operations/operation-1781527435986-6544a2dfac7a0-efe0c854-15d96ec0 [none]
[debug] [2026-06-15T12:44:02.349Z] <<< [apiv2][status] GET https://cloudfunctions.googleapis.com/v2/projects/lunags-management-system/locations/us-central1/operations/operation-1781527435986-6544a2dfac7a0-efe0c854-15d96ec0 200
[debug] [2026-06-15T12:44:02.350Z] <<< [apiv2][body] GET https://cloudfunctions.googleapis.com/v2/projects/lunags-management-system/locations/us-central1/operations/operation-1781527435986-6544a2dfac7a0-efe0c854-15d96ec0 {"name":"projects/lunags-management-system/locations/us-central1/operations/operation-1781527435986-6544a2dfac7a0-efe0c854-15d96ec0","metadata":{"@type":"type.googleapis.com/google.cloud.functions.v2.OperationMetadata","createTime":"2026-06-15T12:43:56.823905497Z","target":"projects/lunags-management-system/locations/us-central1/functions/send","verb":"update","cancelRequested":false,"apiVersion":"v2","requestResource":{"@type":"type.googleapis.com/google.cloud.functions.v2.Function","name":"projects/lunags-management-system/locations/us-central1/functions/send","buildConfig":{"runtime":"nodejs22","entryPoint":"send","source":{"storageSource":{"bucket":"gcf-v2-sources-1039501095200-us-central1","object":"send/function-source.zip","generation":"1781527436775171"}},"environmentVariables":{"GOOGLE_NODE_RUN_SCRIPTS":""},"dockerRepository":"projects/lunags-management-system/locations/us-central1/repositories/gcf-artifacts","sourceProvenance":{"resolvedStorageSource":{"bucket":"gcf-v2-sources-1039501095200-us-central1","object":"send/function-source.zip","generation":"1781525269003990"}},"dockerRegistry":"ARTIFACT_REGISTRY","serviceAccount":"projects/lunags-management-system/serviceAccounts/1039501095200-compute@developer.gserviceaccount.com","automaticUpdatePolicy":{}},"serviceConfig":{"service":"projects/lunags-management-system/locations/us-central1/services/send","timeoutSeconds":60,"environmentVariables":{"RESEND_KEY":"re_6dpuUwUL_PTTLL6V75P2EfhMg5PbyBsQH","FIREBASE_CONFIG":"{\"projectId\":\"lunags-management-system\",\"databaseURL\":\"https://lunags-management-system-default-rtdb.firebaseio.com\",\"storageBucket\":\"lunags-management-system.firebasestorage.app\"}","GCLOUD_PROJECT":"lunags-management-system","EVENTARC_CLOUD_EVENT_SOURCE":"projects/lunags-management-system/locations/us-central1/services/send","FUNCTION_TARGET":"send","LOG_EXECUTION_ID":"true"},"ingressSettings":"ALLOW_ALL","uri":"https://send-poqx4aslqa-uc.a.run.app","serviceAccountEmail":"1039501095200-compute@developer.gserviceaccount.com","availableMemory":"256Mi","allTrafficOnLatestRevision":true,"secretEnvironmentVariables":[{"key":"RESEND_API_KEY","projectId":"lunags-management-system","secret":"RESEND_API_KEY","version":"1"}],"revision":"send-00001-zey","maxInstanceRequestConcurrency":80,"availableCpu":"1"},"state":"ACTIVE","labels":{"deployment-tool":"cloudfunctions","firebase-functions-hash":"daf87306f464704d0e6451af334e6992beae96b6"},"environment":"GEN_2","url":"https://us-central1-lunags-management-system.cloudfunctions.net/send","satisfiesPzi":true},"stages":[{"name":"BUILD","message":"Build in progress","state":"IN_PROGRESS","resource":"projects/1039501095200/locations/us-central1/builds/98d90fd0-e632-4fae-b601-61c42e5bbba8","resourceUri":"https://console.cloud.google.com/cloud-build/builds;region=us-central1/98d90fd0-e632-4fae-b601-61c42e5bbba8?project=1039501095200"},{"name":"SERVICE","state":"NOT_STARTED"}],"operationType":"UPDATE_FUNCTION","buildName":"projects/1039501095200/locations/us-central1/builds/98d90fd0-e632-4fae-b601-61c42e5bbba8"},"done":false}
[debug] [2026-06-15T12:44:06.364Z] [update-default-us-central1-send] Retrying task index 0
[debug] [2026-06-15T12:44:06.364Z] Checked if tokens are valid: true, expires at: 1781531014797
[debug] [2026-06-15T12:44:06.364Z] Checked if tokens are valid: true, expires at: 1781531014797
[debug] [2026-06-15T12:44:06.364Z] >>> [apiv2][query] GET https://cloudfunctions.googleapis.com/v2/projects/lunags-management-system/locations/us-central1/operations/operation-1781527435986-6544a2dfac7a0-efe0c854-15d96ec0 [none]
[debug] [2026-06-15T12:44:07.507Z] <<< [apiv2][status] GET https://cloudfunctions.googleapis.com/v2/projects/lunags-management-system/locations/us-central1/operations/operation-1781527435986-6544a2dfac7a0-efe0c854-15d96ec0 200
[debug] [2026-06-15T12:44:07.507Z] <<< [apiv2][body] GET https://cloudfunctions.googleapis.com/v2/projects/lunags-management-system/locations/us-central1/operations/operation-1781527435986-6544a2dfac7a0-efe0c854-15d96ec0 {"name":"projects/lunags-management-system/locations/us-central1/operations/operation-1781527435986-6544a2dfac7a0-efe0c854-15d96ec0","metadata":{"@type":"type.googleapis.com/google.cloud.functions.v2.OperationMetadata","createTime":"2026-06-15T12:43:56.823905497Z","target":"projects/lunags-management-system/locations/us-central1/functions/send","verb":"update","cancelRequested":false,"apiVersion":"v2","requestResource":{"@type":"type.googleapis.com/google.cloud.functions.v2.Function","name":"projects/lunags-management-system/locations/us-central1/functions/send","buildConfig":{"runtime":"nodejs22","entryPoint":"send","source":{"storageSource":{"bucket":"gcf-v2-sources-1039501095200-us-central1","object":"send/function-source.zip","generation":"1781527436775171"}},"environmentVariables":{"GOOGLE_NODE_RUN_SCRIPTS":""},"dockerRepository":"projects/lunags-management-system/locations/us-central1/repositories/gcf-artifacts","sourceProvenance":{"resolvedStorageSource":{"bucket":"gcf-v2-sources-1039501095200-us-central1","object":"send/function-source.zip","generation":"1781525269003990"}},"dockerRegistry":"ARTIFACT_REGISTRY","serviceAccount":"projects/lunags-management-system/serviceAccounts/1039501095200-compute@developer.gserviceaccount.com","automaticUpdatePolicy":{}},"serviceConfig":{"service":"projects/lunags-management-system/locations/us-central1/services/send","timeoutSeconds":60,"environmentVariables":{"RESEND_KEY":"re_6dpuUwUL_PTTLL6V75P2EfhMg5PbyBsQH","FIREBASE_CONFIG":"{\"projectId\":\"lunags-management-system\",\"databaseURL\":\"https://lunags-management-system-default-rtdb.firebaseio.com\",\"storageBucket\":\"lunags-management-system.firebasestorage.app\"}","GCLOUD_PROJECT":"lunags-management-system","EVENTARC_CLOUD_EVENT_SOURCE":"projects/lunags-management-system/locations/us-central1/services/send","FUNCTION_TARGET":"send","LOG_EXECUTION_ID":"true"},"ingressSettings":"ALLOW_ALL","uri":"https://send-poqx4aslqa-uc.a.run.app","serviceAccountEmail":"1039501095200-compute@developer.gserviceaccount.com","availableMemory":"256Mi","allTrafficOnLatestRevision":true,"secretEnvironmentVariables":[{"key":"RESEND_API_KEY","projectId":"lunags-management-system","secret":"RESEND_API_KEY","version":"1"}],"revision":"send-00001-zey","maxInstanceRequestConcurrency":80,"availableCpu":"1"},"state":"ACTIVE","labels":{"deployment-tool":"cloudfunctions","firebase-functions-hash":"daf87306f464704d0e6451af334e6992beae96b6"},"environment":"GEN_2","url":"https://us-central1-lunags-management-system.cloudfunctions.net/send","satisfiesPzi":true},"stages":[{"name":"BUILD","message":"Build in progress","state":"IN_PROGRESS","resource":"projects/1039501095200/locations/us-central1/builds/98d90fd0-e632-4fae-b601-61c42e5bbba8","resourceUri":"https://console.cloud.google.com/cloud-build/builds;region=us-central1/98d90fd0-e632-4fae-b601-61c42e5bbba8?project=1039501095200"},{"name":"SERVICE","state":"NOT_STARTED"}],"operationType":"UPDATE_FUNCTION","buildName":"projects/1039501095200/locations/us-central1/builds/98d90fd0-e632-4fae-b601-61c42e5bbba8"},"done":false}
[debug] [2026-06-15T12:44:15.519Z] [update-default-us-central1-send] Retrying task index 0
[debug] [2026-06-15T12:44:15.520Z] Checked if tokens are valid: true, expires at: 1781531014797
[debug] [2026-06-15T12:44:15.520Z] Checked if tokens are valid: true, expires at: 1781531014797
[debug] [2026-06-15T12:44:15.520Z] >>> [apiv2][query] GET https://cloudfunctions.googleapis.com/v2/projects/lunags-management-system/locations/us-central1/operations/operation-1781527435986-6544a2dfac7a0-efe0c854-15d96ec0 [none]
[debug] [2026-06-15T12:44:16.628Z] <<< [apiv2][status] GET https://cloudfunctions.googleapis.com/v2/projects/lunags-management-system/locations/us-central1/operations/operation-1781527435986-6544a2dfac7a0-efe0c854-15d96ec0 200
[debug] [2026-06-15T12:44:16.628Z] <<< [apiv2][body] GET https://cloudfunctions.googleapis.com/v2/projects/lunags-management-system/locations/us-central1/operations/operation-1781527435986-6544a2dfac7a0-efe0c854-15d96ec0 {"name":"projects/lunags-management-system/locations/us-central1/operations/operation-1781527435986-6544a2dfac7a0-efe0c854-15d96ec0","metadata":{"@type":"type.googleapis.com/google.cloud.functions.v2.OperationMetadata","createTime":"2026-06-15T12:43:56.823905497Z","target":"projects/lunags-management-system/locations/us-central1/functions/send","verb":"update","cancelRequested":false,"apiVersion":"v2","requestResource":{"@type":"type.googleapis.com/google.cloud.functions.v2.Function","name":"projects/lunags-management-system/locations/us-central1/functions/send","buildConfig":{"runtime":"nodejs22","entryPoint":"send","source":{"storageSource":{"bucket":"gcf-v2-sources-1039501095200-us-central1","object":"send/function-source.zip","generation":"1781527436775171"}},"environmentVariables":{"GOOGLE_NODE_RUN_SCRIPTS":""},"dockerRepository":"projects/lunags-management-system/locations/us-central1/repositories/gcf-artifacts","sourceProvenance":{"resolvedStorageSource":{"bucket":"gcf-v2-sources-1039501095200-us-central1","object":"send/function-source.zip","generation":"1781525269003990"}},"dockerRegistry":"ARTIFACT_REGISTRY","serviceAccount":"projects/lunags-management-system/serviceAccounts/1039501095200-compute@developer.gserviceaccount.com","automaticUpdatePolicy":{}},"serviceConfig":{"service":"projects/lunags-management-system/locations/us-central1/services/send","timeoutSeconds":60,"environmentVariables":{"RESEND_KEY":"re_6dpuUwUL_PTTLL6V75P2EfhMg5PbyBsQH","FIREBASE_CONFIG":"{\"projectId\":\"lunags-management-system\",\"databaseURL\":\"https://lunags-management-system-default-rtdb.firebaseio.com\",\"storageBucket\":\"lunags-management-system.firebasestorage.app\"}","GCLOUD_PROJECT":"lunags-management-system","EVENTARC_CLOUD_EVENT_SOURCE":"projects/lunags-management-system/locations/us-central1/services/send","FUNCTION_TARGET":"send","LOG_EXECUTION_ID":"true"},"ingressSettings":"ALLOW_ALL","uri":"https://send-poqx4aslqa-uc.a.run.app","serviceAccountEmail":"1039501095200-compute@developer.gserviceaccount.com","availableMemory":"256Mi","allTrafficOnLatestRevision":true,"secretEnvironmentVariables":[{"key":"RESEND_API_KEY","projectId":"lunags-management-system","secret":"RESEND_API_KEY","version":"1"}],"revision":"send-00001-zey","maxInstanceRequestConcurrency":80,"availableCpu":"1"},"state":"ACTIVE","labels":{"deployment-tool":"cloudfunctions","firebase-functions-hash":"daf87306f464704d0e6451af334e6992beae96b6"},"environment":"GEN_2","url":"https://us-central1-lunags-management-system.cloudfunctions.net/send","satisfiesPzi":true},"stages":[{"name":"BUILD","message":"Build in progress","state":"IN_PROGRESS","resource":"projects/1039501095200/locations/us-central1/builds/98d90fd0-e632-4fae-b601-61c42e5bbba8","resourceUri":"https://console.cloud.google.com/cloud-build/builds;region=us-central1/98d90fd0-e632-4fae-b601-61c42e5bbba8?project=1039501095200"},{"name":"SERVICE","state":"NOT_STARTED"}],"operationType":"UPDATE_FUNCTION","buildName":"projects/1039501095200/locations/us-central1/builds/98d90fd0-e632-4fae-b601-61c42e5bbba8"},"done":false}
[debug] [2026-06-15T12:44:26.634Z] [update-default-us-central1-send] Retrying task index 0
[debug] [2026-06-15T12:44:26.635Z] Checked if tokens are valid: true, expires at: 1781531014797
[debug] [2026-06-15T12:44:26.635Z] Checked if tokens are valid: true, expires at: 1781531014797
[debug] [2026-06-15T12:44:26.636Z] >>> [apiv2][query] GET https://cloudfunctions.googleapis.com/v2/projects/lunags-management-system/locations/us-central1/operations/operation-1781527435986-6544a2dfac7a0-efe0c854-15d96ec0 [none]
[debug] [2026-06-15T12:44:27.804Z] <<< [apiv2][status] GET https://cloudfunctions.googleapis.com/v2/projects/lunags-management-system/locations/us-central1/operations/operation-1781527435986-6544a2dfac7a0-efe0c854-15d96ec0 200
[debug] [2026-06-15T12:44:27.805Z] <<< [apiv2][body] GET https://cloudfunctions.googleapis.com/v2/projects/lunags-management-system/locations/us-central1/operations/operation-1781527435986-6544a2dfac7a0-efe0c854-15d96ec0 {"name":"projects/lunags-management-system/locations/us-central1/operations/operation-1781527435986-6544a2dfac7a0-efe0c854-15d96ec0","metadata":{"@type":"type.googleapis.com/google.cloud.functions.v2.OperationMetadata","createTime":"2026-06-15T12:43:56.823905497Z","target":"projects/lunags-management-system/locations/us-central1/functions/send","verb":"update","cancelRequested":false,"apiVersion":"v2","requestResource":{"@type":"type.googleapis.com/google.cloud.functions.v2.Function","name":"projects/lunags-management-system/locations/us-central1/functions/send","buildConfig":{"runtime":"nodejs22","entryPoint":"send","source":{"storageSource":{"bucket":"gcf-v2-sources-1039501095200-us-central1","object":"send/function-source.zip","generation":"1781527436775171"}},"environmentVariables":{"GOOGLE_NODE_RUN_SCRIPTS":""},"dockerRepository":"projects/lunags-management-system/locations/us-central1/repositories/gcf-artifacts","sourceProvenance":{"resolvedStorageSource":{"bucket":"gcf-v2-sources-1039501095200-us-central1","object":"send/function-source.zip","generation":"1781525269003990"}},"dockerRegistry":"ARTIFACT_REGISTRY","serviceAccount":"projects/lunags-management-system/serviceAccounts/1039501095200-compute@developer.gserviceaccount.com","automaticUpdatePolicy":{}},"serviceConfig":{"service":"projects/lunags-management-system/locations/us-central1/services/send","timeoutSeconds":60,"environmentVariables":{"RESEND_KEY":"re_6dpuUwUL_PTTLL6V75P2EfhMg5PbyBsQH","FIREBASE_CONFIG":"{\"projectId\":\"lunags-management-system\",\"databaseURL\":\"https://lunags-management-system-default-rtdb.firebaseio.com\",\"storageBucket\":\"lunags-management-system.firebasestorage.app\"}","GCLOUD_PROJECT":"lunags-management-system","EVENTARC_CLOUD_EVENT_SOURCE":"projects/lunags-management-system/locations/us-central1/services/send","FUNCTION_TARGET":"send","LOG_EXECUTION_ID":"true"},"ingressSettings":"ALLOW_ALL","uri":"https://send-poqx4aslqa-uc.a.run.app","serviceAccountEmail":"1039501095200-compute@developer.gserviceaccount.com","availableMemory":"256Mi","allTrafficOnLatestRevision":true,"secretEnvironmentVariables":[{"key":"RESEND_API_KEY","projectId":"lunags-management-system","secret":"RESEND_API_KEY","version":"1"}],"revision":"send-00001-zey","maxInstanceRequestConcurrency":80,"availableCpu":"1"},"state":"ACTIVE","labels":{"deployment-tool":"cloudfunctions","firebase-functions-hash":"daf87306f464704d0e6451af334e6992beae96b6"},"environment":"GEN_2","url":"https://us-central1-lunags-management-system.cloudfunctions.net/send","satisfiesPzi":true},"stages":[{"name":"BUILD","message":"Build in progress","state":"IN_PROGRESS","resource":"projects/1039501095200/locations/us-central1/builds/98d90fd0-e632-4fae-b601-61c42e5bbba8","resourceUri":"https://console.cloud.google.com/cloud-build/builds;region=us-central1/98d90fd0-e632-4fae-b601-61c42e5bbba8?project=1039501095200"},{"name":"SERVICE","state":"NOT_STARTED"}],"operationType":"UPDATE_FUNCTION","buildName":"projects/1039501095200/locations/us-central1/builds/98d90fd0-e632-4fae-b601-61c42e5bbba8"},"done":false}
[debug] [2026-06-15T12:44:37.812Z] [update-default-us-central1-send] Retrying task index 0
[debug] [2026-06-15T12:44:37.812Z] Checked if tokens are valid: true, expires at: 1781531014797
[debug] [2026-06-15T12:44:37.812Z] Checked if tokens are valid: true, expires at: 1781531014797
[debug] [2026-06-15T12:44:37.812Z] >>> [apiv2][query] GET https://cloudfunctions.googleapis.com/v2/projects/lunags-management-system/locations/us-central1/operations/operation-1781527435986-6544a2dfac7a0-efe0c854-15d96ec0 [none]
[debug] [2026-06-15T12:44:38.115Z] <<< [apiv2][status] GET https://cloudfunctions.googleapis.com/v2/projects/lunags-management-system/locations/us-central1/operations/operation-1781527435986-6544a2dfac7a0-efe0c854-15d96ec0 200
[debug] [2026-06-15T12:44:38.115Z] <<< [apiv2][body] GET https://cloudfunctions.googleapis.com/v2/projects/lunags-management-system/locations/us-central1/operations/operation-1781527435986-6544a2dfac7a0-efe0c854-15d96ec0 {"name":"projects/lunags-management-system/locations/us-central1/operations/operation-1781527435986-6544a2dfac7a0-efe0c854-15d96ec0","metadata":{"@type":"type.googleapis.com/google.cloud.functions.v2.OperationMetadata","createTime":"2026-06-15T12:43:56.823905497Z","target":"projects/lunags-management-system/locations/us-central1/functions/send","verb":"update","cancelRequested":false,"apiVersion":"v2","requestResource":{"@type":"type.googleapis.com/google.cloud.functions.v2.Function","name":"projects/lunags-management-system/locations/us-central1/functions/send","buildConfig":{"runtime":"nodejs22","entryPoint":"send","source":{"storageSource":{"bucket":"gcf-v2-sources-1039501095200-us-central1","object":"send/function-source.zip","generation":"1781527436775171"}},"environmentVariables":{"GOOGLE_NODE_RUN_SCRIPTS":""},"dockerRepository":"projects/lunags-management-system/locations/us-central1/repositories/gcf-artifacts","sourceProvenance":{"resolvedStorageSource":{"bucket":"gcf-v2-sources-1039501095200-us-central1","object":"send/function-source.zip","generation":"1781525269003990"}},"dockerRegistry":"ARTIFACT_REGISTRY","serviceAccount":"projects/lunags-management-system/serviceAccounts/1039501095200-compute@developer.gserviceaccount.com","automaticUpdatePolicy":{}},"serviceConfig":{"service":"projects/lunags-management-system/locations/us-central1/services/send","timeoutSeconds":60,"environmentVariables":{"RESEND_KEY":"re_6dpuUwUL_PTTLL6V75P2EfhMg5PbyBsQH","FIREBASE_CONFIG":"{\"projectId\":\"lunags-management-system\",\"databaseURL\":\"https://lunags-management-system-default-rtdb.firebaseio.com\",\"storageBucket\":\"lunags-management-system.firebasestorage.app\"}","GCLOUD_PROJECT":"lunags-management-system","EVENTARC_CLOUD_EVENT_SOURCE":"projects/lunags-management-system/locations/us-central1/services/send","FUNCTION_TARGET":"send","LOG_EXECUTION_ID":"true"},"ingressSettings":"ALLOW_ALL","uri":"https://send-poqx4aslqa-uc.a.run.app","serviceAccountEmail":"1039501095200-compute@developer.gserviceaccount.com","availableMemory":"256Mi","allTrafficOnLatestRevision":true,"secretEnvironmentVariables":[{"key":"RESEND_API_KEY","projectId":"lunags-management-system","secret":"RESEND_API_KEY","version":"1"}],"revision":"send-00001-zey","maxInstanceRequestConcurrency":80,"availableCpu":"1"},"state":"ACTIVE","labels":{"deployment-tool":"cloudfunctions","firebase-functions-hash":"daf87306f464704d0e6451af334e6992beae96b6"},"environment":"GEN_2","url":"https://us-central1-lunags-management-system.cloudfunctions.net/send","satisfiesPzi":true},"stages":[{"name":"BUILD","message":"Build finished","state":"COMPLETE","resource":"projects/1039501095200/locations/us-central1/builds/98d90fd0-e632-4fae-b601-61c42e5bbba8","resourceUri":"https://console.cloud.google.com/cloud-build/builds;region=us-central1/98d90fd0-e632-4fae-b601-61c42e5bbba8?project=1039501095200"},{"name":"SERVICE","message":"Updating Cloud Run service","state":"IN_PROGRESS","resource":"projects/lunags-management-system/locations/us-central1/services/send","resourceUri":"https://console.cloud.google.com/run/detail/us-central1/send?project=lunags-management-system","stateMessages":[{"severity":"INFO","type":"CloudRunServiceNewRevisionTrafficInfo","message":"A new revision will be deployed serving with 100% traffic."}]}],"sourceToken":"Clhwcm9qZWN0cy8xMDM5NTAxMDk1MjAwL2xvY2F0aW9ucy91cy1jZW50cmFsMS9idWlsZHMvOThkOTBmZDAtZTYzMi00ZmFlLWI2MDEtNjFjNDJlNWJiYmE4Enp1cy1jZW50cmFsMS1kb2NrZXIucGtnLmRldi9sdW5hZ3MtbWFuYWdlbWVudC1zeXN0ZW0vZ2NmLWFydGlmYWN0cy9sdW5hZ3MtLW1hbmFnZW1lbnQtLXN5c3RlbV9fdXMtLWNlbnRyYWwxX19zZW5kOnZlcnNpb25fMRig4t+4oB4iRnByb2plY3RzL2x1bmFncy1tYW5hZ2VtZW50LXN5c3RlbS9sb2NhdGlvbnMvdXMtY2VudHJhbDEvZnVuY3Rpb25zL3NlbmQqDAiz57/RBhD4wue4AzIIbm9kZWpzMjI6dgojZ2NyLmlvL2dhZS1ydW50aW1lcy9ub2RlanMyMjpzdGFibGUST3VzLWNlbnRyYWwxLWRvY2tlci5wa2cuZGV2L3NlcnZlcmxlc3MtcnVudGltZXMvZ29vZ2xlLTIyLWZ1bGwvcnVudGltZXMvbm9kZWpzMjJAAQ==","operationType":"UPDATE_FUNCTION","buildName":"projects/1039501095200/locations/us-central1/builds/98d90fd0-e632-4fae-b601-61c42e5bbba8"},"done":false}
[debug] [2026-06-15T12:44:38.115Z] Got source token Clhwcm9qZWN0cy8xMDM5NTAxMDk1MjAwL2xvY2F0aW9ucy91cy1jZW50cmFsMS9idWlsZHMvOThkOTBmZDAtZTYzMi00ZmFlLWI2MDEtNjFjNDJlNWJiYmE4Enp1cy1jZW50cmFsMS1kb2NrZXIucGtnLmRldi9sdW5hZ3MtbWFuYWdlbWVudC1zeXN0ZW0vZ2NmLWFydGlmYWN0cy9sdW5hZ3MtLW1hbmFnZW1lbnQtLXN5c3RlbV9fdXMtLWNlbnRyYWwxX19zZW5kOnZlcnNpb25fMRig4t+4oB4iRnByb2plY3RzL2x1bmFncy1tYW5hZ2VtZW50LXN5c3RlbS9sb2NhdGlvbnMvdXMtY2VudHJhbDEvZnVuY3Rpb25zL3NlbmQqDAiz57/RBhD4wue4AzIIbm9kZWpzMjI6dgojZ2NyLmlvL2dhZS1ydW50aW1lcy9ub2RlanMyMjpzdGFibGUST3VzLWNlbnRyYWwxLWRvY2tlci5wa2cuZGV2L3NlcnZlcmxlc3MtcnVudGltZXMvZ29vZ2xlLTIyLWZ1bGwvcnVudGltZXMvbm9kZWpzMjJAAQ== for region us-central1
[debug] [2026-06-15T12:44:48.128Z] [update-default-us-central1-send] Retrying task index 0
[debug] [2026-06-15T12:44:48.129Z] Checked if tokens are valid: true, expires at: 1781531014797
[debug] [2026-06-15T12:44:48.129Z] Checked if tokens are valid: true, expires at: 1781531014797
[debug] [2026-06-15T12:44:48.129Z] >>> [apiv2][query] GET https://cloudfunctions.googleapis.com/v2/projects/lunags-management-system/locations/us-central1/operations/operation-1781527435986-6544a2dfac7a0-efe0c854-15d96ec0 [none]
[debug] [2026-06-15T12:44:49.269Z] <<< [apiv2][status] GET https://cloudfunctions.googleapis.com/v2/projects/lunags-management-system/locations/us-central1/operations/operation-1781527435986-6544a2dfac7a0-efe0c854-15d96ec0 200
[debug] [2026-06-15T12:44:49.269Z] <<< [apiv2][body] GET https://cloudfunctions.googleapis.com/v2/projects/lunags-management-system/locations/us-central1/operations/operation-1781527435986-6544a2dfac7a0-efe0c854-15d96ec0 {"name":"projects/lunags-management-system/locations/us-central1/operations/operation-1781527435986-6544a2dfac7a0-efe0c854-15d96ec0","metadata":{"@type":"type.googleapis.com/google.cloud.functions.v2.OperationMetadata","createTime":"2026-06-15T12:43:56.823905497Z","target":"projects/lunags-management-system/locations/us-central1/functions/send","verb":"update","cancelRequested":false,"apiVersion":"v2","requestResource":{"@type":"type.googleapis.com/google.cloud.functions.v2.Function","name":"projects/lunags-management-system/locations/us-central1/functions/send","buildConfig":{"runtime":"nodejs22","entryPoint":"send","source":{"storageSource":{"bucket":"gcf-v2-sources-1039501095200-us-central1","object":"send/function-source.zip","generation":"1781527436775171"}},"environmentVariables":{"GOOGLE_NODE_RUN_SCRIPTS":""},"dockerRepository":"projects/lunags-management-system/locations/us-central1/repositories/gcf-artifacts","sourceProvenance":{"resolvedStorageSource":{"bucket":"gcf-v2-sources-1039501095200-us-central1","object":"send/function-source.zip","generation":"1781525269003990"}},"dockerRegistry":"ARTIFACT_REGISTRY","serviceAccount":"projects/lunags-management-system/serviceAccounts/1039501095200-compute@developer.gserviceaccount.com","automaticUpdatePolicy":{}},"serviceConfig":{"service":"projects/lunags-management-system/locations/us-central1/services/send","timeoutSeconds":60,"environmentVariables":{"RESEND_KEY":"re_6dpuUwUL_PTTLL6V75P2EfhMg5PbyBsQH","FIREBASE_CONFIG":"{\"projectId\":\"lunags-management-system\",\"databaseURL\":\"https://lunags-management-system-default-rtdb.firebaseio.com\",\"storageBucket\":\"lunags-management-system.firebasestorage.app\"}","GCLOUD_PROJECT":"lunags-management-system","EVENTARC_CLOUD_EVENT_SOURCE":"projects/lunags-management-system/locations/us-central1/services/send","FUNCTION_TARGET":"send","LOG_EXECUTION_ID":"true"},"ingressSettings":"ALLOW_ALL","uri":"https://send-poqx4aslqa-uc.a.run.app","serviceAccountEmail":"1039501095200-compute@developer.gserviceaccount.com","availableMemory":"256Mi","allTrafficOnLatestRevision":true,"secretEnvironmentVariables":[{"key":"RESEND_API_KEY","projectId":"lunags-management-system","secret":"RESEND_API_KEY","version":"1"}],"revision":"send-00001-zey","maxInstanceRequestConcurrency":80,"availableCpu":"1"},"state":"ACTIVE","labels":{"deployment-tool":"cloudfunctions","firebase-functions-hash":"daf87306f464704d0e6451af334e6992beae96b6"},"environment":"GEN_2","url":"https://us-central1-lunags-management-system.cloudfunctions.net/send","satisfiesPzi":true},"stages":[{"name":"BUILD","message":"Build finished","state":"COMPLETE","resource":"projects/1039501095200/locations/us-central1/builds/98d90fd0-e632-4fae-b601-61c42e5bbba8","resourceUri":"https://console.cloud.google.com/cloud-build/builds;region=us-central1/98d90fd0-e632-4fae-b601-61c42e5bbba8?project=1039501095200"},{"name":"SERVICE","message":"Updating Cloud Run service","state":"IN_PROGRESS","resource":"projects/lunags-management-system/locations/us-central1/services/send","resourceUri":"https://console.cloud.google.com/run/detail/us-central1/send?project=lunags-management-system","stateMessages":[{"severity":"INFO","type":"CloudRunServiceNewRevisionTrafficInfo","message":"A new revision will be deployed serving with 100% traffic."}]}],"sourceToken":"Clhwcm9qZWN0cy8xMDM5NTAxMDk1MjAwL2xvY2F0aW9ucy91cy1jZW50cmFsMS9idWlsZHMvOThkOTBmZDAtZTYzMi00ZmFlLWI2MDEtNjFjNDJlNWJiYmE4Enp1cy1jZW50cmFsMS1kb2NrZXIucGtnLmRldi9sdW5hZ3MtbWFuYWdlbWVudC1zeXN0ZW0vZ2NmLWFydGlmYWN0cy9sdW5hZ3MtLW1hbmFnZW1lbnQtLXN5c3RlbV9fdXMtLWNlbnRyYWwxX19zZW5kOnZlcnNpb25fMRig4t+4oB4iRnByb2plY3RzL2x1bmFncy1tYW5hZ2VtZW50LXN5c3RlbS9sb2NhdGlvbnMvdXMtY2VudHJhbDEvZnVuY3Rpb25zL3NlbmQqDAiz57/RBhD4wue4AzIIbm9kZWpzMjI6dgojZ2NyLmlvL2dhZS1ydW50aW1lcy9ub2RlanMyMjpzdGFibGUST3VzLWNlbnRyYWwxLWRvY2tlci5wa2cuZGV2L3NlcnZlcmxlc3MtcnVudGltZXMvZ29vZ2xlLTIyLWZ1bGwvcnVudGltZXMvbm9kZWpzMjJAAQ==","operationType":"UPDATE_FUNCTION","buildName":"projects/1039501095200/locations/us-central1/builds/98d90fd0-e632-4fae-b601-61c42e5bbba8"},"done":false}
[debug] [2026-06-15T12:44:49.269Z] Got source token Clhwcm9qZWN0cy8xMDM5NTAxMDk1MjAwL2xvY2F0aW9ucy91cy1jZW50cmFsMS9idWlsZHMvOThkOTBmZDAtZTYzMi00ZmFlLWI2MDEtNjFjNDJlNWJiYmE4Enp1cy1jZW50cmFsMS1kb2NrZXIucGtnLmRldi9sdW5hZ3MtbWFuYWdlbWVudC1zeXN0ZW0vZ2NmLWFydGlmYWN0cy9sdW5hZ3MtLW1hbmFnZW1lbnQtLXN5c3RlbV9fdXMtLWNlbnRyYWwxX19zZW5kOnZlcnNpb25fMRig4t+4oB4iRnByb2plY3RzL2x1bmFncy1tYW5hZ2VtZW50LXN5c3RlbS9sb2NhdGlvbnMvdXMtY2VudHJhbDEvZnVuY3Rpb25zL3NlbmQqDAiz57/RBhD4wue4AzIIbm9kZWpzMjI6dgojZ2NyLmlvL2dhZS1ydW50aW1lcy9ub2RlanMyMjpzdGFibGUST3VzLWNlbnRyYWwxLWRvY2tlci5wa2cuZGV2L3NlcnZlcmxlc3MtcnVudGltZXMvZ29vZ2xlLTIyLWZ1bGwvcnVudGltZXMvbm9kZWpzMjJAAQ== for region us-central1
